+ sgr0501_201707
/Users/enoto/work/drbv1/reporitory/nicer/data/obs2validate/1/1020080101/
/Users/enoto/work/drbv1/reporitory/nicer/data/obs2validate/1/1020080102/
/Users/enoto/work/drbv1/reporitory/nicer/data/obs2validate/1/1020080103/
/Users/enoto/work/drbv1/reporitory/nicer/data/obs2validate/1/1020080104/
+ sgr0501_201710
/Users/enoto/work/drbv1/reporitory/nicer/data/obs2validate/1/1020080105/
/Users/enoto/work/drbv1/reporitory/nicer/data/obs2validate/1/1020080106/
/Users/enoto/work/drbv1/reporitory/nicer/data/obs2validate/1/1020080107/
/Users/enoto/work/drbv1/reporitory/nicer/data/obs2validate/1/1020080108/
/Users/enoto/work/drbv1/reporitory/nicer/data/obs2validate/1/1020080109/
/Users/enoto/work/drbv1/reporitory/nicer/data/obs2validate/1/1020080110/
+ sgr0501_201711
/Users/enoto/work/drbv1/reporitory/nicer/data/obs2validate/1/1020080111/
/Users/enoto/work/drbv1/reporitory/nicer/data/obs2validate/1/1020080112/
/Users/enoto/work/drbv1/reporitory/nicer/data/obs2validate/1/1020080113/
/Users/enoto/work/drbv1/reporitory/nicer/data/obs2validate/1/1020080114/
/Users/enoto/work/drbv1/reporitory/nicer/data/obs2validate/1/1020080115/
+ sgr0501_201712
/Users/enoto/work/drbv1/reporitory/nicer/data/obs2validate/1/1020080116/
/Users/enoto/work/drbv1/reporitory/nicer/data/obs2validate/1/1020080117/
+ sgr0501_201801
/Users/enoto/work/drbv1/reporitory/nicer/data/obs2validate/1/1020080118/
/Users/enoto/work/drbv1/reporitory/nicer/data/obs2validate/1/1020080119/
/Users/enoto/work/drbv1/reporitory/nicer/data/obs2validate/1/1020080120/
/Users/enoto/work/drbv1/reporitory/nicer/data/obs2validate/1/1020080121/
/Users/enoto/work/drbv1/reporitory/nicer/data/obs2validate/1/1020080122/
/Users/enoto/work/drbv1/reporitory/nicer/data/obs2validate/1/1020080123/
/Users/enoto/work/drbv1/reporitory/nicer/data/obs2validate/1/1020080124/
/Users/enoto/work/drbv1/reporitory/nicer/data/obs2validate/1/1020080125/
/Users/enoto/work/drbv1/reporitory/nicer/data/obs2validate/1/1020080126/
/Users/enoto/work/drbv1/reporitory/nicer/data/obs2validate/1/1020080127/
/Users/enoto/work/drbv1/reporitory/nicer/data/obs2validate/1/1020080128/
/Users/enoto/work/drbv1/reporitory/nicer/data/obs2validate/1/1020080129/
/Users/enoto/work/drbv1/reporitory/nicer/data/obs2validate/1/1020080130/
/Users/enoto/work/drbv1/reporitory/nicer/data/obs2validate/1/1020080131/
/Users/enoto/work/drbv1/reporitory/nicer/data/obs2validate/1/1020080132/
/Users/enoto/work/drbv1/reporitory/nicer/data/obs2validate/1/1020080133/
/Users/enoto/work/drbv1/reporitory/nicer/data/obs2validate/1/1020080134/
/Users/enoto/work/drbv1/reporitory/nicer/data/obs2validate/1/1020080135/
/Users/enoto/work/drbv1/reporitory/nicer/data/obs2validate/1/1020080136/
/Users/enoto/work/drbv1/reporitory/nicer/data/obs2validate/1/1020080137/
/Users/enoto/work/drbv1/reporitory/nicer/data/obs2validate/1/1020080138/
/Users/enoto/work/drbv1/reporitory/nicer/data/obs2validate/1/1020080139/
/Users/enoto/work/drbv1/reporitory/nicer/data/obs2validate/1/1020080140/
/Users/enoto/work/drbv1/reporitory/nicer/data/obs2validate/1/1020080141/
+ sgr0501_201802
/Users/enoto/work/drbv1/reporitory/nicer/data/obs2validate/1/1020080142/
/Users/enoto/work/drbv1/reporitory/nicer/data/obs2validate/1/1020080143/
/Users/enoto/work/drbv1/reporitory/nicer/data/obs2validate/1/1020080144/
